// Jest Snapshot v1, https://goo.gl/fbAQLP

exports[`renders correctly when there are no items 1`] = `
<div
  className="MuiBox-root css-i9gxme"
>
  <div
    className="MuiGrid-root MuiGrid-container MuiGrid-spacing-xs-undefined css-11lq3yg-MuiGrid-root"
  >
    <div
      className="MuiGrid-root MuiGrid-item MuiGrid-grid-xs-2 css-a0vo9r-MuiGrid-root"
    />
    <div
      className="MuiGrid-root MuiGrid-item MuiGrid-grid-xs-7 css-klo4dh-MuiGrid-root"
    >
      <div
        className="MuiPaper-root MuiPaper-elevation MuiPaper-rounded MuiPaper-elevation1 css-16d00og-MuiPaper-root"
      >
        <div>
          <h1>
            Comments
          </h1>
          <form
            className="MuiBox-root css-z41f3n"
            noValidate={true}
          >
            <div
              className="MuiInputBase-root MuiInputBase-colorPrimary css-1fq6r3k-MuiInputBase-root"
              onClick={[Function]}
            >
              <input
                className="MuiInputBase-input css-yz9k0d-MuiInputBase-input"
                defaultValue="Post a comment..."
                id="bootstrap-input"
                name="content"
                onAnimationStart={[Function]}
                onBlur={[Function]}
                onChange={[Function]}
                onFocus={[Function]}
                type="text"
              />
            </div>
            <button
              className="MuiButton-root MuiButton-contained MuiButton-containedPrimary MuiButton-sizeMedium MuiButton-containedSizeMedium MuiButtonBase-root css-3qggjx-MuiButtonBase-root-MuiButton-root"
              disabled={false}
              onBlur={[Function]}
              onClick={[Function]}
              onContextMenu={[Function]}
              onDragLeave={[Function]}
              onFocus={[Function]}
              onKeyDown={[Function]}
              onKeyUp={[Function]}
              onMouseDown={[Function]}
              onMouseLeave={[Function]}
              onMouseUp={[Function]}
              onTouchEnd={[Function]}
              onTouchMove={[Function]}
              onTouchStart={[Function]}
              tabIndex={0}
              type="button"
            >
              Post a Comment
            </button>
          </form>
        </div>
      </div>
    </div>
    <div
      className="MuiGrid-root MuiGrid-item MuiGrid-grid-xs-3 css-j23p4t-MuiGrid-root"
    />
  </div>
</div>
`;
